[www.tutorialcup.com/dbms/index.html]
[backblue.gif]
[fade.gif]
[index.html]
[www.tutorialcup.com/assets/desert.html]
[www.tutorialcup.com/run_prettify5442.js]
[pagead2.googlesyndication.com/pagead/js/f.txt]
[www.tutorialcup.com/dbms/POST.html]
[www.tutorialcup.com/dbms/db-characteristics.html]
[www.tutorialcup.com/dbms/data-independence.html]
[www.tutorialcup.com/dbms/components-of-database.html]
[www.tutorialcup.com/dbms/architecture-of-database.html]
[www.tutorialcup.com/dbms/structure-of-dbms.html]
[www.tutorialcup.com/dbms/file-processing-system.html]
[www.tutorialcup.com/dbms/database-management-system.html]
[www.tutorialcup.com/dbms/views.html]
[www.tutorialcup.com/dbms/tables.html]
[www.tutorialcup.com/dbms/schema.html]
[www.tutorialcup.com/dbms/instance.html]
[www.tutorialcup.com/dbms/database-languages.html]
[www.tutorialcup.com/dbms/data-definition-language.html]
[www.tutorialcup.com/dbms/materialized-views-dbms.html]
[www.tutorialcup.com/dbms/data-manipulation-language.html]
[www.tutorialcup.com/dbms/data-control-language.html]
[www.tutorialcup.com/dbms/transaction-control-language.html]
[www.tutorialcup.com/dbms/interface.html]
[www.tutorialcup.com/dbms/data-models.html]
[www.tutorialcup.com/dbms/object-based-data-models.html]
[www.tutorialcup.com/dbms/physical-data-models.html]
[www.tutorialcup.com/dbms/record-based-data-models.html]
[www.tutorialcup.com/dbms/basic-concept-er-data-model.html]
[www.tutorialcup.com/dbms/er-data-model.html]
[www.tutorialcup.com/dbms/er-model-into-tables.html]
[www.tutorialcup.com/dbms/database-abstraction.html]
[www.tutorialcup.com/dbms/database-users-administrators.html]
[www.tutorialcup.com/dbms/relational-query-languages.html]
[www.tutorialcup.com/dbms/relational-calculus.html]
[www.tutorialcup.com/dbms/file-organization.html]
[www.tutorialcup.com/dbms/sequential-file-organization.html]
[www.tutorialcup.com/dbms/heap-file-organization.html]
[www.tutorialcup.com/dbms/hash-file-organization.html]
[www.tutorialcup.com/dbms/indexed-sequential-sccess-method.html]
[www.tutorialcup.com/dbms/b-plus-tree.html]
[www.tutorialcup.com/dbms/cluster-file-organization.html]
[www.tutorialcup.com/dbms/data-dictionary.html]
[www.tutorialcup.com/dbms/data-dictionary-structure.html]
[www.tutorialcup.com/dbms/data-dictionary-functions.html]
[www.tutorialcup.com/dbms/indexing.html]
[www.tutorialcup.com/dbms/b-tree.html]
[www.tutorialcup.com/dbms/multiple-key-access.html]
[www.tutorialcup.com/dbms/hashing-concepts.html]
[www.tutorialcup.com/dbms/bitmap-indices.html]
[www.tutorialcup.com/dbms/database-index.html]
[www.tutorialcup.com/dbms/relational-models.html]
[www.tutorialcup.com/dbms/keys.html]
[www.tutorialcup.com/dbms/constraints.html]
[www.tutorialcup.com/dbms/integrity.html]
[www.tutorialcup.com/dbms/relational-set-operators.html]
[www.tutorialcup.com/dbms/system-catalog.html]
[www.tutorialcup.com/dbms/codds-rule.html]
[www.tutorialcup.com/dbms/normalization.html]
[www.tutorialcup.com/dbms/first-normal-form.html]
[www.tutorialcup.com/dbms/second-normal-form.html]
[www.tutorialcup.com/dbms/third-normal-form.html]
[www.tutorialcup.com/dbms/boyce-codd-normal-form.html]
[www.tutorialcup.com/dbms/fourth-normal-form.html]
[www.tutorialcup.com/dbms/fifth-normal-form.html]
[www.tutorialcup.com/dbms/denormalization.html]
[www.tutorialcup.com/dbms/normalization-denormalization.html]
[www.tutorialcup.com/dbms/schedules.html]
[www.tutorialcup.com/dbms/transaction.html]
[www.tutorialcup.com/dbms/concurrency-control.html]
[www.tutorialcup.com/dbms/data-backup-recovery.html]
[www.tutorialcup.com/dbms/deadlock.html]
[www.tutorialcup.com/dbms/exceptions.html]
[www.tutorialcup.com/dbms/triggers.html]
[www.tutorialcup.com/dbms/datatypes-variables.html]
[www.tutorialcup.com/dbms/advanced-sql.html]
[www.tutorialcup.com/dbms/select.html]
[www.tutorialcup.com/dbms/null-values.html]
[www.tutorialcup.com/dbms/sorting.html]
[www.tutorialcup.com/dbms/aggregation.html]
[www.tutorialcup.com/dbms/join-operation.html]
[www.tutorialcup.com/dbms/sub-queries.html]
[www.tutorialcup.com/dbms/correlated-sub-queries.html]
[www.tutorialcup.com/dbms/union.html]
[www.tutorialcup.com/dbms/minus.html]
[www.tutorialcup.com/dbms/Intersect.html]
[www.tutorialcup.com/dbms/rename.html]
[www.tutorialcup.com/dbms/distinct.html]
[www.tutorialcup.com/dbms/like.html]
[www.tutorialcup.com/dbms/rownum.html]
[www.tutorialcup.com/dbms/conditional-control.html]
[www.tutorialcup.com/dbms/case-statement.html]
[www.tutorialcup.com/dbms/cursors.html]
[www.tutorialcup.com/dbms/query-processing.html]
[www.tutorialcup.com/dbms/selection-algorithm.html]
[www.tutorialcup.com/dbms/file-scan.html]
[www.tutorialcup.com/dbms/index-scan.html]
[www.tutorialcup.com/dbms/conjunctions-disjunction-and-negation.html]
[www.tutorialcup.com/dbms/duplicate-elimination.html]
[www.tutorialcup.com/dbms/joins.html]
[www.tutorialcup.com/dbms/grouping.html]
[www.tutorialcup.com/dbms/set-operation.html]
[www.tutorialcup.com/dbms/outer-joins.html]
[www.tutorialcup.com/dbms/complex-joins.html]
[www.tutorialcup.com/dbms/evaluation-of-expressions.html]
[www.tutorialcup.com/dbms/transformation-of-relational-expressions.html]
[www.tutorialcup.com/dbms/sorting-method.html]
[www.tutorialcup.com/dbms/query-optimization.html]
[www.tutorialcup.com/dbms/evaluation-plans.html]
[www.tutorialcup.com/dbms/estimating-statistics-of-expression-results.html]
[www.tutorialcup.com/dbms/techniques-of-operator-evaluation.html]
[www.tutorialcup.com/dbms/size-estimation-selectivity.html]
[www.tutorialcup.com/dbms/materialized-views.html]
[www.tutorialcup.com/dbms/equivalence-rule.html]
[www.tutorialcup.com/dbms/choice-of-evaluation-plans.html]
[www.tutorialcup.com/dbms/transaction-management-concept.html]
[www.tutorialcup.com/dbms/database-transaction.html]
[www.tutorialcup.com/dbms/transaction-model.html]
[www.tutorialcup.com/dbms/transaction-atomicity-durability.html]
[www.tutorialcup.com/dbms/schedules-in-database-system.html]
[www.tutorialcup.com/dbms/write-ahead-log.html]
[www.tutorialcup.com/dbms/logs.html]
[www.tutorialcup.com/dbms/shadow-database.html]
[www.tutorialcup.com/dbms/storage-structure.html]
[www.tutorialcup.com/dbms/data-access.html]
[www.tutorialcup.com/dbms/data-backup.html]
[www.tutorialcup.com/dbms/data-recovery.html]
[www.tutorialcup.com/dbms/shadow-paging.html]
[www.tutorialcup.com/dbms/recovery-with-concurrent-transactions.html]
[www.tutorialcup.com/dbms/transaction-isolation.html]
[www.tutorialcup.com/dbms/advanced-recovery-techniques.html]
[www.tutorialcup.com/dbms/transaction-serializability.html]
[www.tutorialcup.com/dbms/transaction-isolation-levels.html]
[www.tutorialcup.com/dbms/concurrency-control-protocols.html]
[www.tutorialcup.com/dbms/transaction-isolation-implementations.html]
[www.tutorialcup.com/dbms/deadlock-handling.html]
[www.tutorialcup.com/dbms/embedded-sql.html]
[www.tutorialcup.com/dbms/dynamic-sql.html]
[www.tutorialcup.com/dbms/document-database.html]
[www.tutorialcup.com/dbms/xml-database.html]
[www.tutorialcup.com/dbms/xpath.html]
[www.tutorialcup.com/dbms/xquery.html]
[www.tutorialcup.com/dbms/data-fragmentation.html]
[www.tutorialcup.com/dbms/distribute-database-systems.html]
[www.tutorialcup.com/dbms/distributed-query-processing.html]
[www.tutorialcup.com/dbms/distributed-concurrency-sql.html]
[www.tutorialcup.com/images/dbms/index/index_clip_image002.jpg]
[www.tutorialcup.com/images/dbms/index/index_clip_image004.jpg]
[www.tutorialcup.com/js/fuckadblock.js]
[www.tutorialcup.com/assets/user/js/jquery.js]
[www.tutorialcup.com/assets/user/js/menu.js]
[www.tutorialcup.com/src/ace.js]
[www.tutorialcup.com/js/idejs.js]
[www.tutorialcup.com/js/_bootstrap.min.js]
[www.google-analytics.com/analytics.js]
[www.tutorialcup.com/run_prettify.js]
[www.tutorialcup.com/dbms/index.html]
[www.tutorialcup.com/assets/button.css]
[www.tutorialcup.com/dbms/creating-database-in-oracle.html]
[www.tutorialcup.com/images/red-bullet.png]
[www.tutorialcup.com/assets/images/logo.html]
[www.tutorialcup.com/assets/images/remove.html]
[www.tutorialcup.com/assets/demos/custom_wrapper_bg.html]
[www.tutorialcup.com/assets/demos/bg.html]
[www.tutorialcup.com/assets/images/flexslider_shadow.html]
[www.tutorialcup.com/assets/images/slider-shadow.html]
[www.tutorialcup.com/assets/images/error.html]
[www.tutorialcup.com/assets/images/success.html]
[www.tutorialcup.com/assets/images/breadcrumb.html]
[www.tutorialcup.com/assets/fonts/southernaire_personal_use_only.html]
[www.tutorialcup.com/assets/fonts/southernaire_personal_use_onlyd41d.html]
[www.tutorialcup.com/assets/fonts/southernaire_personal_use_only-2.html]
[www.tutorialcup.com/assets/fonts/southernaire_personal_use_only-3.html]
[www.tutorialcup.com/assets/fonts/southernaire_personal_use_only-4.html]
[www.tutorialcup.com/assets/demos/maintenance_bg.html]
[www.tutorialcup.com/assets/syle.min.css]
[www.tutorialcup.com/assets/desert.html]
[www.tutorialcup.com/dbms/POST.html]
[www.tutorialcup.com/assets/images/loading.html]
[www.tutorialcup.com/images/dbms/db-characteristics/characteristics.png]
[www.tutorialcup.com/dbms/db-characteristics.html]
[www.tutorialcup.com/dbms/index-2.html]
[www.tutorialcup.com/images/dbms/data-independence/data-independence.png]
[www.tutorialcup.com/dbms/data-independence.html]
[www.tutorialcup.com/images/dbms/components-of-database/components-of-database.png]
[www.tutorialcup.com/dbms/components-of-database.html]
[www.tutorialcup.com/images/dbms/architecture-of-database/architecture-of-database.png]
[www.tutorialcup.com/images/dbms/architecture-of-database/database-layers.png]
[www.tutorialcup.com/dbms/architecture-of-database.html]
[www.tutorialcup.com/images/dbms/structure-of-dbms/structure-of-dbms.png]
[www.tutorialcup.com/dbms/structure-of-dbms.html]
[www.tutorialcup.com/images/dbms/file-processing-system/file-processing-system1.png]
[www.tutorialcup.com/images/dbms/file-processing-system/file-processing-system2.png]
[www.tutorialcup.com/dbms/file-processing-system.html]
[www.tutorialcup.com/images/dbms/database-management-system/index_clip_image001.gif]
[www.tutorialcup.com/images/dbms/database-management-system/index_clip_image003.jpg]
[www.tutorialcup.com/images/dbms/database-management-system/index_clip_image005.jpg]
[www.tutorialcup.com/images/dbms/database-management-system/index_clip_image007.jpg]
[www.tutorialcup.com/images/dbms/database-management-system/index_clip_image009.jpg]
[www.tutorialcup.com/dbms/database-management-system.html]
[www.tutorialcup.com/dbms/tables.html]
[www.tutorialcup.com/dbms/views.html]
[www.tutorialcup.com/dbms/materialized-views-dbms.html]
[www.tutorialcup.com/images/dbms/schema/database-schema.png]
[www.tutorialcup.com/dbms/schema.html]
[www.tutorialcup.com/images/dbms/instance/database-instance.png]
[www.tutorialcup.com/dbms/instance.html]
[www.tutorialcup.com/dbms/database-languages.html]
[www.tutorialcup.com/images/dbms/data-definition-language/DDL1.png]
[www.tutorialcup.com/images/dbms/data-definition-language/DDL2.png]
[www.tutorialcup.com/images/dbms/data-definition-language/DDL3.png]
[www.tutorialcup.com/dbms/data-definition-language.html]
[www.tutorialcup.com/images/dbms/data-manipulation-language/DML1.png]
[www.tutorialcup.com/images/dbms/data-manipulation-language/DML2.png]
[www.tutorialcup.com/images/dbms/data-manipulation-language/DML3.png]
[www.tutorialcup.com/images/dbms/data-manipulation-language/DML4.png]
[www.tutorialcup.com/images/dbms/data-manipulation-language/DML5.png]
[www.tutorialcup.com/dbms/data-manipulation-language.html]
[www.tutorialcup.com/dbms/data-control-language.html]
[www.tutorialcup.com/images/dbms/transaction-control-language/TCL1.png]
[www.tutorialcup.com/images/dbms/transaction-control-language/TCL2.png]
[www.tutorialcup.com/images/dbms/transaction-control-language/TCL3.png]
[www.tutorialcup.com/dbms/transaction-control-language.html]
[www.tutorialcup.com/dbms/interface.html]
[www.tutorialcup.com/images/dbms/data-models/data-models.png]
[www.tutorialcup.com/dbms/data-models.html]
[www.tutorialcup.com/images/dbms/object-based-data-models/object-based-data-model.png]
[www.tutorialcup.com/images/dbms/object-based-data-models/entity-relationship-data-models.png]
[www.tutorialcup.com/images/dbms/object-based-data-models/object-oriented-data-models.png]
[www.tutorialcup.com/dbms/object-based-data-models.html]
[www.tutorialcup.com/images/dbms/physical-data-models/physical-data.png]
[www.tutorialcup.com/images/dbms/physical-data-models/representing-table.png]
[www.tutorialcup.com/dbms/physical-data-models.html]
[www.tutorialcup.com/images/dbms/record-based-data-models/Hierarchical-Data-Models.png]
[www.tutorialcup.com/images/dbms/record-based-data-models/Hierarchical-Data-Models2.png]
[www.tutorialcup.com/images/dbms/record-based-data-models/Network-Data-Models.png]
[www.tutorialcup.com/images/dbms/record-based-data-models/Relational-Data-Models.png]
[www.tutorialcup.com/images/dbms/record-based-data-models/Relational-Data-Models2.png]
[www.tutorialcup.com/dbms/record-based-data-models.html]
[www.tutorialcup.com/images/dbms/basic-concept-er-data-model/weak-entity.png]
[www.tutorialcup.com/images/dbms/basic-concept-er-data-model/Composite-Entity.png]
[www.tutorialcup.com/images/dbms/basic-concept-er-data-model/Recursive-Entity.png]
[www.tutorialcup.com/images/dbms/basic-concept-er-data-model/Primary-Candidate-Super-key.png]
[www.tutorialcup.com/images/dbms/basic-concept-er-data-model/Foreign-key.png]
[www.tutorialcup.com/images/dbms/basic-concept-er-data-model/one-to-one.png]
[www.tutorialcup.com/images/dbms/basic-concept-er-data-model/one-to-many.png]
[www.tutorialcup.com/images/dbms/basic-concept-er-data-model/many-to-many.png]
[www.tutorialcup.com/dbms/basic-concept-er-data-model.html]
[www.tutorialcup.com/images/dbms/er-data-model/entity-diagram.png]
[www.tutorialcup.com/images/dbms/er-data-model/strong-entity.png]
[www.tutorialcup.com/images/dbms/er-data-model/multivalued-attribute.png]
[www.tutorialcup.com/images/dbms/er-data-model/primary-key.png]
[www.tutorialcup.com/images/dbms/er-data-model/relationship.png]
[www.tutorialcup.com/images/dbms/er-data-model/one-to-one-relation.png]
[www.tutorialcup.com/images/dbms/er-data-model/one-to-many-relation.png]
[www.tutorialcup.com/images/dbms/er-data-model/many-to-many-relation.png]
[www.tutorialcup.com/images/dbms/er-data-model/participation-constraints.png]
[www.tutorialcup.com/images/dbms/er-data-model/complete-er-diagram.png]
[www.tutorialcup.com/images/dbms/er-data-model/er-diagram.png]
[www.tutorialcup.com/images/dbms/er-data-model/complete-er-diagram-student-database.png]
[www.tutorialcup.com/dbms/er-data-model.html]
[www.tutorialcup.com/images/dbms/er-model-into-tables/generalization.png]
[www.tutorialcup.com/images/dbms/er-model-into-tables/generalization2.png]
[www.tutorialcup.com/images/dbms/er-model-into-tables/specialization.png]
[www.tutorialcup.com/images/dbms/er-model-into-tables/aggregation.png]
[www.tutorialcup.com/images/dbms/er-model-into-tables/aggregation2.png]
[www.tutorialcup.com/images/dbms/er-model-into-tables/Transform-ER-Diagram-into-Tables.png]
[www.tutorialcup.com/images/dbms/er-model-into-tables/basic-rule-for-converting-the-ER-diagrams-into-tables.png]
[www.tutorialcup.com/images/dbms/er-model-into-tables/converting-weak-entity.png]
[www.tutorialcup.com/images/dbms/er-model-into-tables/Representing-1-1-relationship.png]
[www.tutorialcup.com/images/dbms/er-model-into-tables/Representing-1-N-relationship.png]
[www.tutorialcup.com/images/dbms/er-model-into-tables/Representing-M-N-relationship.png]
[www.tutorialcup.com/images/dbms/er-model-into-tables/Self-Referencing-1-N-relation.png]
[www.tutorialcup.com/images/dbms/er-model-into-tables/Self-Referencing-M-N-relation.png]
[www.tutorialcup.com/dbms/er-model-into-tables.html]
[www.tutorialcup.com/images/dbms/database-abstraction/database-abstraction.png]
[www.tutorialcup.com/dbms/database-abstraction.html]
[www.tutorialcup.com/dbms/database-users-administrators.html]
[www.tutorialcup.com/images/dbms/40/1.png]
[www.tutorialcup.com/images/dbms/40/2.png]
[www.tutorialcup.com/images/dbms/40/3.png]
[www.tutorialcup.com/images/dbms/40/4.png]
[www.tutorialcup.com/images/dbms/40/10.png]
[www.tutorialcup.com/images/dbms/40/0.png]
[www.tutorialcup.com/images/dbms/40/5.png]
[www.tutorialcup.com/images/dbms/40/6.png]
[www.tutorialcup.com/images/dbms/40/7.png]
[www.tutorialcup.com/images/dbms/40/8.png]
[www.tutorialcup.com/images/dbms/40/9.png]
[www.tutorialcup.com/dbms/relational-query-languages.html]
[www.tutorialcup.com/images/dbms/26/1.png]
[www.tutorialcup.com/dbms/relational-calculus.html]
[www.tutorialcup.com/dbms/file-organization.html]
[www.tutorialcup.com/images/dbms/31/1.png]
[www.tutorialcup.com/images/dbms/31/2.png]
[www.tutorialcup.com/images/dbms/31/3.png]
[www.tutorialcup.com/images/dbms/31/4.png]
[www.tutorialcup.com/images/dbms/31/5.png]
[www.tutorialcup.com/dbms/sequential-file-organization.html]
[www.tutorialcup.com/images/dbms/32/1.png]
[www.tutorialcup.com/images/dbms/32/2.png]
[www.tutorialcup.com/dbms/heap-file-organization.html]
[www.tutorialcup.com/images/dbms/33/1.png]
[www.tutorialcup.com/images/dbms/33/2.png]
[www.tutorialcup.com/dbms/hash-file-organization.html]
[www.tutorialcup.com/images/dbms/34/1.png]
[www.tutorialcup.com/dbms/indexed-sequential-sccess-method.html]
[www.tutorialcup.com/images/dbms/35/1.png]
[www.tutorialcup.com/images/dbms/35/2.png]
[www.tutorialcup.com/dbms/b-plus-tree.html]
[www.tutorialcup.com/images/dbms/36/1.png]
[www.tutorialcup.com/dbms/cluster-file-organization.html]
[www.tutorialcup.com/images/dbms/37/1.png]
[www.tutorialcup.com/dbms/data-dictionary.html]
[www.tutorialcup.com/images/dbms/38/1.png]
[www.tutorialcup.com/images/dbms/38/2.png]
[www.tutorialcup.com/images/dbms/38/3.png]
[www.tutorialcup.com/images/dbms/38/4.png]
[www.tutorialcup.com/images/dbms/38/5.png]
[www.tutorialcup.com/images/dbms/38/6.png]
[www.tutorialcup.com/dbms/data-dictionary-structure.html]
[www.tutorialcup.com/dbms/data-dictionary-functions.html]
[www.tutorialcup.com/images/dbms/41/1.png]
[www.tutorialcup.com/images/dbms/41/2.png]
[www.tutorialcup.com/images/dbms/41/3.png]
[www.tutorialcup.com/images/dbms/41/4.png]
[www.tutorialcup.com/images/dbms/41/5.png]
[www.tutorialcup.com/images/dbms/41/6.png]
[www.tutorialcup.com/images/dbms/41/7.png]
[www.tutorialcup.com/dbms/indexing.html]
[www.tutorialcup.com/images/dbms/42/1.png]
[www.tutorialcup.com/images/dbms/42/2.png]
[www.tutorialcup.com/images/dbms/42/3.png]
[www.tutorialcup.com/images/dbms/42/4.png]
[www.tutorialcup.com/images/dbms/42/5.png]
[www.tutorialcup.com/images/dbms/42/6.png]
[www.tutorialcup.com/images/dbms/42/7.png]
[www.tutorialcup.com/images/dbms/42/8.png]
[www.tutorialcup.com/images/dbms/42/9.png]
[www.tutorialcup.com/images/dbms/42/10.png]
[www.tutorialcup.com/images/dbms/42/11.png]
[www.tutorialcup.com/images/dbms/42/12.png]
[www.tutorialcup.com/images/dbms/42/13.png]
[www.tutorialcup.com/images/dbms/42/14.png]
[www.tutorialcup.com/dbms/b-tree.html]
[www.tutorialcup.com/images/dbms/43/1.png]
[www.tutorialcup.com/dbms/multiple-key-access.html]
[www.tutorialcup.com/images/dbms/44/1.png]
[www.tutorialcup.com/images/dbms/44/2.png]
[www.tutorialcup.com/images/dbms/44/3.png]
[www.tutorialcup.com/images/dbms/44/4.png]
[www.tutorialcup.com/images/dbms/44/5.png]
[www.tutorialcup.com/images/dbms/44/6.png]
[www.tutorialcup.com/images/dbms/44/7.png]
[www.tutorialcup.com/dbms/hashing-concepts.html]
[www.tutorialcup.com/images/dbms/45/1.png]
[www.tutorialcup.com/images/dbms/45/2.png]
[www.tutorialcup.com/images/dbms/45/3.png]
[www.tutorialcup.com/images/rarrow.png]
[www.tutorialcup.com/dbms/bitmap-indices.html]
[www.tutorialcup.com/images/dbms/46/1.png]
[www.tutorialcup.com/images/dbms/46/2.png]
[www.tutorialcup.com/images/dbms/46/3.png]
[www.tutorialcup.com/dbms/database-index.html]
[www.tutorialcup.com/images/dbms/47/1.png]
[www.tutorialcup.com/dbms/relational-models.html]
[www.tutorialcup.com/images/dbms/47/2.png]
[www.tutorialcup.com/images/dbms/47/3.png]
[www.tutorialcup.com/images/dbms/47/4.png]
[www.tutorialcup.com/images/dbms/47/5.png]
[www.tutorialcup.com/images/dbms/47/6.png]
[www.tutorialcup.com/dbms/keys.html]
[www.tutorialcup.com/dbms/constraints.html]
[www.tutorialcup.com/images/dbms/47/7.png]
[www.tutorialcup.com/images/dbms/47/8.png]
[www.tutorialcup.com/dbms/integrity.html]
[www.tutorialcup.com/images/dbms/51/1.png]
[www.tutorialcup.com/images/dbms/51/2.png]
[www.tutorialcup.com/images/dbms/51/3.png]
[www.tutorialcup.com/images/dbms/51/4.png]
[www.tutorialcup.com/dbms/relational-set-operators.html]
[www.tutorialcup.com/images/dbms/52/1.png]
[www.tutorialcup.com/images/dbms/52/2.png]
[www.tutorialcup.com/images/dbms/52/3.png]
[www.tutorialcup.com/dbms/system-catalog.html]
[www.tutorialcup.com/images/dbms/53/1.png]
[www.tutorialcup.com/images/arrow1.png]
[www.tutorialcup.com/images/tick.png]
[www.tutorialcup.com/images/cross.png]
[www.tutorialcup.com/images/arrow2.png]
[www.tutorialcup.com/dbms/codds-rule.html]
[www.tutorialcup.com/dbms/normalization.html]
[www.tutorialcup.com/dbms/first-normal-form.html]
[www.tutorialcup.com/dbms/second-normal-form.html]
[www.tutorialcup.com/dbms/third-normal-form.html]
[www.tutorialcup.com/dbms/boyce-codd-normal-form.html]
[www.tutorialcup.com/dbms/fourth-normal-form.html]
[www.tutorialcup.com/dbms/fifth-normal-form.html]
[www.tutorialcup.com/dbms/denormalization.html]
[www.tutorialcup.com/dbms/normalization-denormalization.html]
[www.tutorialcup.com/dbms/transaction.html]
[www.tutorialcup.com/dbms/schedules.html]
[www.tutorialcup.com/dbms/concurrency-control.html]
[www.tutorialcup.com/dbms/deadlock.html]
[www.tutorialcup.com/dbms/data-backup-recovery.html]
[www.tutorialcup.com/dbms/exceptions.html]
[www.tutorialcup.com/dbms/triggers.html]
[www.tutorialcup.com/dbms/datatypes-variables.html]
[www.tutorialcup.com/dbms/advanced-sql.html]
[www.tutorialcup.com/dbms/select.html]
[www.tutorialcup.com/dbms/null-values.html]
[www.tutorialcup.com/dbms/sorting.html]
[www.tutorialcup.com/dbms/aggregation.html]
[www.tutorialcup.com/dbms/join-operation.html]
[www.tutorialcup.com/dbms/sub-queries.html]
[www.tutorialcup.com/dbms/correlated-sub-queries.html]
[www.tutorialcup.com/dbms/union.html]
[www.tutorialcup.com/dbms/minus.html]
[www.tutorialcup.com/dbms/Intersect.html]
[www.tutorialcup.com/dbms/rename.html]
[www.tutorialcup.com/dbms/distinct.html]
[www.tutorialcup.com/dbms/like.html]
[www.tutorialcup.com/dbms/rownum.html]
[www.tutorialcup.com/dbms/conditional-control.html]
[www.tutorialcup.com/dbms/case-statement.html]
[www.tutorialcup.com/dbms/cursors.html]
[www.tutorialcup.com/dbms/query-processing.html]
[www.tutorialcup.com/dbms/selection-algorithm.html]
[www.tutorialcup.com/dbms/file-scan.html]
[www.tutorialcup.com/dbms/index-scan.html]
[www.tutorialcup.com/dbms/conjunctions-disjunction-and-negation.html]
[www.tutorialcup.com/dbms/joins.html]
[www.tutorialcup.com/dbms/duplicate-elimination.html]
[www.tutorialcup.com/dbms/grouping.html]
[www.tutorialcup.com/dbms/set-operation.html]
[www.tutorialcup.com/dbms/outer-joins.html]
[www.tutorialcup.com/dbms/complex-joins.html]
[www.tutorialcup.com/dbms/evaluation-of-expressions.html]
[www.tutorialcup.com/dbms/transformation-of-relational-expressions.html]
[www.tutorialcup.com/dbms/equivalence-rule.html]
[www.tutorialcup.com/dbms/sorting-method.html]
[www.tutorialcup.com/dbms/query-optimization.html]
[www.tutorialcup.com/dbms/materialized-views.html]
[www.tutorialcup.com/dbms/evaluation-plans.html]
[www.tutorialcup.com/dbms/estimating-statistics-of-expression-results.html]
[www.tutorialcup.com/dbms/size-estimation-selectivity.html]
[www.tutorialcup.com/dbms/techniques-of-operator-evaluation.html]
[www.tutorialcup.com/dbms/choice-of-evaluation-plans.html]
[www.tutorialcup.com/dbms/database-transaction.html]
[www.tutorialcup.com/dbms/transaction-management-concept.html]
[www.tutorialcup.com/dbms/transaction-model.html]
[www.tutorialcup.com/dbms/schedules-in-database-system.html]
[www.tutorialcup.com/dbms/case.html]
[www.tutorialcup.com/dbms/transaction-atomicity-durability.html]
[www.tutorialcup.com/dbms/logs.html]
[www.tutorialcup.com/dbms/write-ahead-log.html]
[www.tutorialcup.com/dbms/shadow-database.html]
[www.tutorialcup.com/dbms/storage-structure.html]
[www.tutorialcup.com/dbms/data-access.html]
[www.tutorialcup.com/dbms/data-backup.html]
[www.tutorialcup.com/dbms/data-recovery.html]
[www.tutorialcup.com/dbms/shadow-paging.html]
[www.tutorialcup.com/dbms/recovery-with-concurrent-transactions.html]
[www.tutorialcup.com/dbms/advanced-recovery-techniques.html]
[www.tutorialcup.com/dbms/transaction-isolation.html]
[www.tutorialcup.com/dbms/transaction-isolation-levels.html]
[www.tutorialcup.com/dbms/transaction-serializability.html]
[www.tutorialcup.com/dbms/transaction-isolation-implementations.html]
[www.tutorialcup.com/dbms/concurrency-control-protocols.html]
[www.tutorialcup.com/dbms/deadlock-handling.html]
[www.tutorialcup.com/dbms/embedded-sql.html]
[www.tutorialcup.com/dbms/dynamic-sql.html]
[www.tutorialcup.com/dbms/document-database.html]
[www.tutorialcup.com/dbms/xml-database.html]
[www.tutorialcup.com/dbms/xpath.html]
[www.tutorialcup.com/dbms/xquery.html]
[www.tutorialcup.com/dbms/distribute-database-systems.html]
[www.tutorialcup.com/dbms/data-fragmentation.html]
[www.tutorialcup.com/dbms/distributed-query-processing.html]
[www.tutorialcup.com/dbms/intersect-2.html]
[www.tutorialcup.com/dbms/distributed-concurrency-sql.html]
[www.tutorialcup.com/dbms/creating-database-in-oracle.html]
[www.tutorialcup.com/assets/images/logo.html]
[www.tutorialcup.com/assets/images/remove.html]
[www.tutorialcup.com/assets/demos/custom_wrapper_bg.html]
[www.tutorialcup.com/assets/demos/bg.html]
[www.tutorialcup.com/assets/images/flexslider_shadow.html]
[www.tutorialcup.com/assets/images/slider-shadow.html]
[www.tutorialcup.com/assets/images/error.html]
[www.tutorialcup.com/assets/images/success.html]
[www.tutorialcup.com/assets/images/breadcrumb.html]
[www.tutorialcup.com/assets/fonts/southernaire_personal_use_only.html]
[www.tutorialcup.com/assets/fonts/southernaire_personal_use_onlyd41d.html]
[www.tutorialcup.com/assets/fonts/southernaire_personal_use_only-2.html]
[www.tutorialcup.com/assets/fonts/southernaire_personal_use_only-3.html]
[www.tutorialcup.com/assets/fonts/southernaire_personal_use_only-4.html]
[www.tutorialcup.com/assets/demos/maintenance_bg.html]
[www.tutorialcup.com/assets/images/loading.html]
[www.tutorialcup.com/dbms/index-2.html]
[www.tutorialcup.com/dbms/intersect-2.html]
[www.tutorialcup.com/dbms/case.html]
